<?xml version="1.0" ?>
<testsuites failures="0" name="TestXML" tests="1" time="0.018">
	<testsuite name="Wat Goap Queryable" failures="0"  tests="4" time="0">
		<testcase name="  evaluate query condition against simulated state" time="0"></testcase>
		<testcase name="  find has conditions in simulated state" time="0"></testcase>
		<testcase name="  evaluate query condition against simulated condition" time="0"></testcase>
		<testcase name="  evaluate has query" time="0"></testcase>
	</testsuite>

</testsuites>